// Jest Snapshot v1, https://goo.gl/fbAQLP

exports[`exports exposes only the intended API functions 1`] = `
Array [
  "E",
  "STAGE",
  "TREE",
  "WORKDIR",
  "add",
  "branch",
  "checkout",
  "clone",
  "commit",
  "config",
  "currentBranch",
  "deleteBranch",
  "expandRef",
  "fetch",
  "findRoot",
  "getRemoteInfo",
  "indexPack",
  "init",
  "isDescendent",
  "listBranches",
  "listFiles",
  "listTags",
  "log",
  "merge",
  "pull",
  "push",
  "readObject",
  "remove",
  "resolveRef",
  "sign",
  "status",
  "status2",
  "utils",
  "verify",
  "version",
  "walk",
]
`;
